\BOOKMARK [1][-]{section.1}{\376\377\000G\000i\036\333\000i\000\040\000t\000h\000i\036\307\000u}{}% 1
\BOOKMARK [1][-]{section.2}{\376\377\000N\000g\000h\000i\000\352\000n\000\040\000c\036\351\000u\000\040\000l\000i\000\352\000n\000\040\000q\000u\000a\000n}{}% 2
\BOOKMARK [1][-]{section.3}{\376\377\000P\000h\001\260\001\241\000n\000g\000\040\000p\000h\000\341\000p\000\040\001\021\036\301\000\040\000x\000u\036\245\000t}{}% 3
\BOOKMARK [2][-]{subsection.3.1}{\376\377\000K\000i\036\277\000n\000\040\000t\000r\000\372\000c\000\040\000C\000D\000D\000F\000u\000s\000e\000\040\000v\000\340\000\040\001\021\000i\036\303\000m\000\040\000c\000a\000n\000\040\000t\000h\000i\036\307\000p}{section.3}% 4
\BOOKMARK [2][-]{subsection.3.2}{\376\377\000Q\000u\000y\000\040\000t\036\257\000c\000\040\000B\000a\000s\000e\000:\000\040\000W\000e\000i\000g\000h\000t\000e\000d\000\040\000A\000v\000e\000r\000a\000g\000e\000\040\000S\000c\000a\000l\000a\000r\000\040\000\050\000W\000A\000v\000g\000\051}{section.3}% 5
\BOOKMARK [2][-]{subsection.3.3}{\376\377\000Q\000u\000y\000\040\000t\036\257\000c\000\040\000D\000e\000t\000a\000i\000l\000:\000\040\000S\000u\000m\000-\000M\000o\000d\000i\000f\000i\000e\000d\000-\000L\000a\000p\000l\000a\000c\000i\000a\000n\000\040\000\050\000S\000M\000L\000\051}{section.3}% 6
\BOOKMARK [2][-]{subsection.3.4}{\376\377\000T\036\325\000n\000g\000\040\000s\036\321\000\040\000t\000h\000a\000m\000\040\000s\036\321}{section.3}% 7
\BOOKMARK [2][-]{subsection.3.5}{\376\377\000H\000\340\000m\000\040\000m\036\245\000t\000\040\000m\000\341\000t\000\040\000v\000\340\000\040\000h\000u\036\245\000n\000\040\000l\000u\000y\036\307\000n\000\040\000h\000a\000i\000\040\000p\000h\000a}{section.3}% 8
\BOOKMARK [1][-]{section.4}{\376\377\000T\000h\036\361\000c\000\040\000n\000g\000h\000i\036\307\000m}{}% 9
\BOOKMARK [2][-]{subsection.4.1}{\376\377\000D\036\357\000\040\000l\000i\036\307\000u\000\040\000v\000\340\000\040\000t\000h\000i\036\277\000t\000\040\000l\036\255\000p\000\040\001\021\000\341\000n\000h\000\040\000g\000i\000\341}{section.4}% 10
\BOOKMARK [2][-]{subsection.4.2}{\376\377\000C\000h\000i\036\277\000n\000\040\000l\001\260\036\343\000c\000\040\000a\000b\000l\000a\000t\000i\000o\000n\000\040\000b\000a\000\040\000g\000i\000a\000i\000\040\001\021\000o\036\241\000n}{section.4}% 11
\BOOKMARK [1][-]{section.5}{\376\377\000K\036\277\000t\000\040\000q\000u\036\243}{}% 12
\BOOKMARK [2][-]{subsection.5.1}{\376\377\000A\000b\000l\000a\000t\000i\000o\000n\000\040\000S\000t\000u\000d\000y}{section.5}% 13
\BOOKMARK [2][-]{subsection.5.2}{\376\377\000S\000o\000\040\000s\000\341\000n\000h\000\040\0006\000\040\000c\000h\036\311\000\040\000s\036\321\000\040\000c\000h\000\355\000n\000h\000\040\000v\036\333\000i\000\040\000S\000O\000T\000A}{section.5}% 14
\BOOKMARK [2][-]{subsection.5.3}{\376\377\000S\000o\000\040\000s\000\341\000n\000h\000\040\000Z\000-\000s\000c\000o\000r\000e\000\040\000t\036\325\000n\000g\000\040\000h\036\343\000p\000\040\000v\036\333\000i\000\040\0002\0002\000\040\000p\000h\001\260\001\241\000n\000g\000\040\000p\000h\000\341\000p\000\040\000S\000O\000T\000A}{section.5}% 15
\BOOKMARK [1][-]{section.6}{\376\377\000T\000h\036\243\000o\000\040\000l\000u\036\255\000n}{}% 16
\BOOKMARK [2][-]{subsection.6.1}{\376\377\000P\000h\000\341\000t\000\040\000h\000i\036\307\000n\000\040\000M\000o\000d\000a\000l\000i\000t\000y\000-\000S\000p\000e\000c\000i\000f\000i\000c\000i\000t\000y}{section.6}% 17
\BOOKMARK [2][-]{subsection.6.2}{\376\377\000T\000\355\000n\000h\000\040\000g\000i\036\243\000n\000\040\000d\036\313\000\040\000v\000\340\000\040\000h\000i\036\307\000u\000\040\000q\000u\036\243\000\040\000t\000h\000a\000m\000\040\000s\036\321}{section.6}% 18
\BOOKMARK [2][-]{subsection.6.3}{\376\377\000H\036\241\000n\000\040\000c\000h\036\277}{section.6}% 19
\BOOKMARK [1][-]{section.7}{\376\377\000K\036\277\000t\000\040\000l\000u\036\255\000n}{}% 20
\BOOKMARK [1][-]{section*.11}{\376\377\000R\000e\000f\000e\000r\000e\000n\000c\000e\000s}{}% 21
